// Jest Snapshot v1, https://goo.gl/fbAQLP

exports[`Button.vue Renderiza corretamente passando props 1`] = `
<button
  class="text-white font-bold py-2 px-4 rounded"
>
  
  submit

</button>
`;
